exports[`test Render FormItem test 1`] = `
<div
  className="form-group">
  <label
    className="control-label"
    htmlFor="formControlsSelect">
    Brands
  </label>
  <select
    className="form-control"
    id="formControlsSelect"
    onChange={[Function]}
    type={undefined}>
    <option
      value="select">
      
    </option>
    <option
      value={1}>
      uno
    </option>
    <option
      value={2}>
      dos
    </option>
  </select>
</div>
`;
